--- Checking npz file ---
a_pt shape: (6, 102, 102, 2)
Face 0:
  a_pt  point(49, 50, :): 
[ 6.25598804 -0.0090634 ]
  a_pt  sum: 32685.1
Face 1:
  a_pt  point(49, 50, :): 
[ 1.54359906 -0.0090634 ]
  a_pt  sum: 16342.6
Face 2:
  a_pt  point(49, 50, :): 
[0.32171767 1.54212899]
  a_pt  sum: 42493.6
Face 3:
  a_pt  point(49, 50, :): 
[3.13252591 0.02719615]
  a_pt  sum: 32685.1
Face 4:
  a_pt  point(49, 50, :): 
[4.70332223 0.02719615]
  a_pt  sum: 49027.7
Face 5:
  a_pt  point(49, 50, :): 
[ 4.39067131 -1.54212899]
  a_pt  sum: 22876.6
-------------------------

